I'm sorry, but errors were detected in your script. Please correct the
errors listed below, and try again.


File "game/scripts/screens/topbar.rpy", line 8: expected a keyword argument or end of line.
    hovered xpos 10
                 ^

Ren'Py Version: Ren'Py 7.4.11.2266
Sat Jun 25 18:38:02 2022
